Archive member included because of file (symbol)

c:/winavr-20100110/bin/../lib/gcc/avr/4.3.3/avr5\libgcc.a(_udivmodqi4.o)
                              ./KEYPAD7SEGAPP.o (__udivmodqi4)
c:/winavr-20100110/bin/../lib/gcc/avr/4.3.3/avr5\libgcc.a(_udivmodsi4.o)
                              ./OS.o (__udivmodsi4)
c:/winavr-20100110/bin/../lib/gcc/avr/4.3.3/avr5\libgcc.a(_exit.o)
                              c:/winavr-20100110/bin/../lib/gcc/avr/4.3.3/../../../../avr/lib/avr5/crtm16.o (exit)
c:/winavr-20100110/bin/../lib/gcc/avr/4.3.3/avr5\libgcc.a(_copy_data.o)
                              ./OS_cfg.o (__do_copy_data)
c:/winavr-20100110/bin/../lib/gcc/avr/4.3.3/avr5\libgcc.a(_clear_bss.o)
                              ./BUTTONH.o (__do_clear_bss)

Memory Configuration

Name             Origin             Length             Attributes
text             0x00000000         0x00020000         xr
data             0x00800060         0x0000ffa0         rw !x
eeprom           0x00810000         0x00010000         rw !x
fuse             0x00820000         0x00000400         rw !x
lock             0x00830000         0x00000400         rw !x
signature        0x00840000         0x00000400         rw !x
*default*        0x00000000         0xffffffff

Linker script and memory map

LOAD c:/winavr-20100110/bin/../lib/gcc/avr/4.3.3/../../../../avr/lib/avr5/crtm16.o
LOAD ./BUTTONH.o
LOAD ./ButtonApp.o
LOAD ./CLOCK.o
LOAD ./DIO_prog.o
LOAD ./GIE_prog.o
LOAD ./KEYPAD7SEGAPP.o
LOAD ./KEYPADH.o
LOAD ./LED.o
LOAD ./LedTog.o
LOAD ./OS.o
LOAD ./OS_cfg.o
LOAD ./SEVENSEGH.o
LOAD ./TIMER.o
LOAD ./main.o
LOAD c:/winavr-20100110/bin/../lib/gcc/avr/4.3.3/avr5\libgcc.a
LOAD c:/winavr-20100110/bin/../lib/gcc/avr/4.3.3/../../../../avr/lib/avr5\libc.a
LOAD c:/winavr-20100110/bin/../lib/gcc/avr/4.3.3/avr5\libgcc.a

.hash
 *(.hash)

.dynsym
 *(.dynsym)

.dynstr
 *(.dynstr)

.gnu.version
 *(.gnu.version)

.gnu.version_d
 *(.gnu.version_d)

.gnu.version_r
 *(.gnu.version_r)

.rel.init
 *(.rel.init)

.rela.init
 *(.rela.init)

.rel.text
 *(.rel.text)
 *(.rel.text.*)
 *(.rel.gnu.linkonce.t*)

.rela.text
 *(.rela.text)
 *(.rela.text.*)
 *(.rela.gnu.linkonce.t*)

.rel.fini
 *(.rel.fini)

.rela.fini
 *(.rela.fini)

.rel.rodata
 *(.rel.rodata)
 *(.rel.rodata.*)
 *(.rel.gnu.linkonce.r*)

.rela.rodata
 *(.rela.rodata)
 *(.rela.rodata.*)
 *(.rela.gnu.linkonce.r*)

.rel.data
 *(.rel.data)
 *(.rel.data.*)
 *(.rel.gnu.linkonce.d*)

.rela.data
 *(.rela.data)
 *(.rela.data.*)
 *(.rela.gnu.linkonce.d*)

.rel.ctors
 *(.rel.ctors)

.rela.ctors
 *(.rela.ctors)

.rel.dtors
 *(.rel.dtors)

.rela.dtors
 *(.rela.dtors)

.rel.got
 *(.rel.got)

.rela.got
 *(.rela.got)

.rel.bss
 *(.rel.bss)

.rela.bss
 *(.rela.bss)

.rel.plt
 *(.rel.plt)

.rela.plt
 *(.rela.plt)

.text           0x00000000     0x1b66
 *(.vectors)
 .vectors       0x00000000       0x54 c:/winavr-20100110/bin/../lib/gcc/avr/4.3.3/../../../../avr/lib/avr5/crtm16.o
                0x00000000                __vectors
                0x00000000                __vector_default
 *(.vectors)
 *(.progmem.gcc*)
 *(.progmem*)
                0x00000054                . = ALIGN (0x2)
                0x00000054                __trampolines_start = .
 *(.trampolines)
 .trampolines   0x00000054        0x0 linker stubs
 *(.trampolines*)
                0x00000054                __trampolines_end = .
 *(.jumptables)
 *(.jumptables*)
 *(.lowtext)
 *(.lowtext*)
                0x00000054                __ctors_start = .
 *(.ctors)
                0x00000054                __ctors_end = .
                0x00000054                __dtors_start = .
 *(.dtors)
                0x00000054                __dtors_end = .
 SORT(*)(.ctors)
 SORT(*)(.dtors)
 *(.init0)
 .init0         0x00000054        0x0 c:/winavr-20100110/bin/../lib/gcc/avr/4.3.3/../../../../avr/lib/avr5/crtm16.o
                0x00000054                __init
 *(.init0)
 *(.init1)
 *(.init1)
 *(.init2)
 .init2         0x00000054        0xc c:/winavr-20100110/bin/../lib/gcc/avr/4.3.3/../../../../avr/lib/avr5/crtm16.o
 *(.init2)
 *(.init3)
 *(.init3)
 *(.init4)
 .init4         0x00000060       0x16 c:/winavr-20100110/bin/../lib/gcc/avr/4.3.3/avr5\libgcc.a(_copy_data.o)
                0x00000060                __do_copy_data
 .init4         0x00000076       0x10 c:/winavr-20100110/bin/../lib/gcc/avr/4.3.3/avr5\libgcc.a(_clear_bss.o)
                0x00000076                __do_clear_bss
 *(.init4)
 *(.init5)
 *(.init5)
 *(.init6)
 *(.init6)
 *(.init7)
 *(.init7)
 *(.init8)
 *(.init8)
 *(.init9)
 .init9         0x00000086        0x8 c:/winavr-20100110/bin/../lib/gcc/avr/4.3.3/../../../../avr/lib/avr5/crtm16.o
 *(.init9)
 *(.text)
 .text          0x0000008e        0x4 c:/winavr-20100110/bin/../lib/gcc/avr/4.3.3/../../../../avr/lib/avr5/crtm16.o
                0x0000008e                __vector_1
                0x0000008e                __vector_12
                0x0000008e                __bad_interrupt
                0x0000008e                __vector_6
                0x0000008e                __vector_3
                0x0000008e                __vector_13
                0x0000008e                __vector_17
                0x0000008e                __vector_19
                0x0000008e                __vector_7
                0x0000008e                __vector_5
                0x0000008e                __vector_4
                0x0000008e                __vector_9
                0x0000008e                __vector_2
                0x0000008e                __vector_15
                0x0000008e                __vector_8
                0x0000008e                __vector_14
                0x0000008e                __vector_10
                0x0000008e                __vector_16
                0x0000008e                __vector_18
                0x0000008e                __vector_20
 .text          0x00000092        0x0 ./BUTTONH.o
 .text          0x00000092        0x0 ./ButtonApp.o
 .text          0x00000092        0x0 ./CLOCK.o
 .text          0x00000092        0x0 ./DIO_prog.o
 .text          0x00000092        0x0 ./GIE_prog.o
 .text          0x00000092        0x0 ./KEYPAD7SEGAPP.o
 .text          0x00000092        0x0 ./KEYPADH.o
 .text          0x00000092        0x0 ./LED.o
 .text          0x00000092        0x0 ./LedTog.o
 .text          0x00000092        0x0 ./OS.o
 .text          0x00000092        0x0 ./OS_cfg.o
 .text          0x00000092        0x0 ./SEVENSEGH.o
 .text          0x00000092        0x0 ./TIMER.o
 .text          0x00000092        0x0 ./main.o
 .text          0x00000092        0x0 c:/winavr-20100110/bin/../lib/gcc/avr/4.3.3/avr5\libgcc.a(_udivmodqi4.o)
 .text          0x00000092        0x0 c:/winavr-20100110/bin/../lib/gcc/avr/4.3.3/avr5\libgcc.a(_udivmodsi4.o)
 .text          0x00000092        0x0 c:/winavr-20100110/bin/../lib/gcc/avr/4.3.3/avr5\libgcc.a(_exit.o)
 .text          0x00000092        0x0 c:/winavr-20100110/bin/../lib/gcc/avr/4.3.3/avr5\libgcc.a(_copy_data.o)
 .text          0x00000092        0x0 c:/winavr-20100110/bin/../lib/gcc/avr/4.3.3/avr5\libgcc.a(_clear_bss.o)
                0x00000092                . = ALIGN (0x2)
 *(.text.*)
 .text.Button_voidInitialise
                0x00000092       0x18 ./BUTTONH.o
                0x00000092                Button_voidInitialise
 .text.MapButton
                0x000000aa       0x24 ./BUTTONH.o
 .text.Button_booleanGetStatus
                0x000000ce       0x1e ./BUTTONH.o
                0x000000ce                Button_booleanGetStatus
 .text.Bouncing_Task
                0x000000ec       0x4a ./BUTTONH.o
                0x000000ec                Bouncing_Task
 .text.ButtonApp_voidInitialize
                0x00000136        0xe ./ButtonApp.o
                0x00000136                ButtonApp_voidInitialize
 .text.ButtonApp_Task
                0x00000144       0x5c ./ButtonApp.o
                0x00000144                ButtonApp_Task
 .text.CLK_Initialize
                0x000001a0       0x1a ./CLOCK.o
                0x000001a0                CLK_Initialize
 .text.CLK_ResetTime
                0x000001ba       0x1a ./CLOCK.o
                0x000001ba                CLK_ResetTime
 .text.CLK_Adjustment
                0x000001d4       0xae ./CLOCK.o
                0x000001d4                CLK_Adjustment
 .text.CLK_SetSec
                0x00000282       0x1a ./CLOCK.o
                0x00000282                CLK_SetSec
 .text.CLK_SetMin
                0x0000029c       0x1a ./CLOCK.o
                0x0000029c                CLK_SetMin
 .text.CLK_SetHr
                0x000002b6       0x1a ./CLOCK.o
                0x000002b6                CLK_SetHr
 .text.CLK_GetTime
                0x000002d0       0x36 ./CLOCK.o
                0x000002d0                CLK_GetTime
 .text.CLK_TASK
                0x00000306       0x50 ./CLOCK.o
                0x00000306                CLK_TASK
 .text.DIO_voidInitialize
                0x00000356       0x2c ./DIO_prog.o
                0x00000356                DIO_voidInitialize
 .text.DIO_voidSetPinValue
                0x00000382      0x1b2 ./DIO_prog.o
                0x00000382                DIO_voidSetPinValue
 .text.DIO_u8GetPinValue
                0x00000534      0x16a ./DIO_prog.o
                0x00000534                DIO_u8GetPinValue
 .text.GIE_voidEnable
                0x0000069e       0x1c ./GIE_prog.o
                0x0000069e                GIE_voidEnable
 .text.GIE_voidDisable
                0x000006ba       0x1c ./GIE_prog.o
                0x000006ba                GIE_voidDisable
 .text.KPSegInitialize
                0x000006d6        0xe ./KEYPAD7SEGAPP.o
                0x000006d6                KPSegInitialize
 .text.KPSeg_Task
                0x000006e4      0x42e ./KEYPAD7SEGAPP.o
                0x000006e4                KPSeg_Task
 .text.KEYPAD_voidIntialize
                0x00000b12       0x1e ./KEYPADH.o
                0x00000b12                KEYPAD_voidIntialize
 .text.KEYPAD_u16GetStatus
                0x00000b30       0x16 ./KEYPADH.o
                0x00000b30                KEYPAD_u16GetStatus
 .text.u8MapInput
                0x00000b46       0x72 ./KEYPADH.o
 .text.u8MapOutput
                0x00000bb8       0x72 ./KEYPADH.o
 .text.u16GetKpStatus
                0x00000c2a       0xee ./KEYPADH.o
 .text.voidCheckInputs
                0x00000d18      0x1d8 ./KEYPADH.o
 .text.KEYPADH_Task
                0x00000ef0       0x5c ./KEYPADH.o
                0x00000ef0                KEYPADH_Task
 .text.LED_voidInitialize
                0x00000f4c       0x1e ./LED.o
                0x00000f4c                LED_voidInitialize
 .text.LED_voidSetLED
                0x00000f6a       0x62 ./LED.o
                0x00000f6a                LED_voidSetLED
 .text.void_TogglingLedInitialize
                0x00000fcc        0xe ./LedTog.o
                0x00000fcc                void_TogglingLedInitialize
 .text.LEDToggle_Task
                0x00000fda       0x32 ./LedTog.o
                0x00000fda                LEDToggle_Task
 .text.OS_Initialize
                0x0000100c       0x44 ./OS.o
                0x0000100c                OS_Initialize
 .text.OS_Start
                0x00001050       0x8a ./OS.o
                0x00001050                OS_Start
 .text.ISR      0x000010da       0x3a ./OS.o
 .text.SevenSeg_voidSetEnablePin
                0x00001114       0x3a ./SEVENSEGH.o
                0x00001114                SevenSeg_voidSetEnablePin
 .text.SeveSeg_voidInitialize
                0x0000114e       0x1e ./SEVENSEGH.o
                0x0000114e                SeveSeg_voidInitialize
 .text.MapPins  0x0000116c      0x176 ./SEVENSEGH.o
 .text.MapState
                0x000012e2       0x44 ./SEVENSEGH.o
 .text.voidDisplayZero
                0x00001326       0x62 ./SEVENSEGH.o
 .text.voidDisplayOne
                0x00001388       0x62 ./SEVENSEGH.o
 .text.voidDisplayTwo
                0x000013ea       0x62 ./SEVENSEGH.o
 .text.voidDisplayThree
                0x0000144c       0x62 ./SEVENSEGH.o
 .text.voidDisplayFour
                0x000014ae       0x62 ./SEVENSEGH.o
 .text.voidDisplayFive
                0x00001510       0x62 ./SEVENSEGH.o
 .text.voidDisplaySix
                0x00001572       0x62 ./SEVENSEGH.o
 .text.voidDisplaySeven
                0x000015d4       0x62 ./SEVENSEGH.o
 .text.voidDisplayEight
                0x00001636       0x62 ./SEVENSEGH.o
 .text.voidDisplayNine
                0x00001698       0x62 ./SEVENSEGH.o
 .text.SevenSeg_voidDisplayNum
                0x000016fa       0xf2 ./SEVENSEGH.o
                0x000016fa                SevenSeg_voidDisplayNum
 .text.voidsetPrescaler
                0x000017ec       0xf6 ./TIMER.o
                0x000017ec                voidsetPrescaler
 .text.TIMER0_voidInitialize
                0x000018e2       0x52 ./TIMER.o
                0x000018e2                TIMER0_voidInitialize
 .text.TIMER0_voidSetMode
                0x00001934       0xea ./TIMER.o
                0x00001934                TIMER0_voidSetMode
 .text.TIMER0_voidSetCompareValue
                0x00001a1e       0x1c ./TIMER.o
                0x00001a1e                TIMER0_voidSetCompareValue
 .text.TIMER0_voidEnableCompareMatch
                0x00001a3a       0x1c ./TIMER.o
                0x00001a3a                TIMER0_voidEnableCompareMatch
 .text.TIMER0_voidDisable
                0x00001a56       0x1c ./TIMER.o
                0x00001a56                TIMER0_voidDisable
 .text.TIMER0_SetCallbackFunc
                0x00001a72       0x24 ./TIMER.o
                0x00001a72                TIMER0_SetCallbackFunc
 .text.__vector_11
                0x00001a96       0x5a ./TIMER.o
                0x00001a96                __vector_11
 .text.main     0x00001af0       0x16 ./main.o
                0x00001af0                main
 .text.libgcc   0x00001b06       0x18 c:/winavr-20100110/bin/../lib/gcc/avr/4.3.3/avr5\libgcc.a(_udivmodqi4.o)
                0x00001b06                __udivmodqi4
 .text.libgcc   0x00001b1e       0x44 c:/winavr-20100110/bin/../lib/gcc/avr/4.3.3/avr5\libgcc.a(_udivmodsi4.o)
                0x00001b1e                __udivmodsi4
 .text.libgcc   0x00001b62        0x0 c:/winavr-20100110/bin/../lib/gcc/avr/4.3.3/avr5\libgcc.a(_exit.o)
 .text.libgcc   0x00001b62        0x0 c:/winavr-20100110/bin/../lib/gcc/avr/4.3.3/avr5\libgcc.a(_copy_data.o)
 .text.libgcc   0x00001b62        0x0 c:/winavr-20100110/bin/../lib/gcc/avr/4.3.3/avr5\libgcc.a(_clear_bss.o)
                0x00001b62                . = ALIGN (0x2)
 *(.fini9)
 .fini9         0x00001b62        0x0 c:/winavr-20100110/bin/../lib/gcc/avr/4.3.3/avr5\libgcc.a(_exit.o)
                0x00001b62                exit
                0x00001b62                _exit
 *(.fini9)
 *(.fini8)
 *(.fini8)
 *(.fini7)
 *(.fini7)
 *(.fini6)
 *(.fini6)
 *(.fini5)
 *(.fini5)
 *(.fini4)
 *(.fini4)
 *(.fini3)
 *(.fini3)
 *(.fini2)
 *(.fini2)
 *(.fini1)
 *(.fini1)
 *(.fini0)
 .fini0         0x00001b62        0x4 c:/winavr-20100110/bin/../lib/gcc/avr/4.3.3/avr5\libgcc.a(_exit.o)
 *(.fini0)
                0x00001b66                _etext = .

.data           0x00800060        0xc load address 0x00001b66
                0x00800060                PROVIDE (__data_start, .)
 *(.data)
 .data          0x00800060        0x0 c:/winavr-20100110/bin/../lib/gcc/avr/4.3.3/../../../../avr/lib/avr5/crtm16.o
 .data          0x00800060        0x0 ./BUTTONH.o
 .data          0x00800060        0x0 ./ButtonApp.o
 .data          0x00800060        0x0 ./CLOCK.o
 .data          0x00800060        0x0 ./DIO_prog.o
 .data          0x00800060        0x0 ./GIE_prog.o
 .data          0x00800060        0x0 ./KEYPAD7SEGAPP.o
 .data          0x00800060        0x0 ./KEYPADH.o
 .data          0x00800060        0x0 ./LED.o
 .data          0x00800060        0x0 ./LedTog.o
 .data          0x00800060        0x0 ./OS.o
 .data          0x00800060        0x0 ./OS_cfg.o
 .data          0x00800060        0x0 ./SEVENSEGH.o
 .data          0x00800060        0x0 ./TIMER.o
 .data          0x00800060        0x0 ./main.o
 .data          0x00800060        0x0 c:/winavr-20100110/bin/../lib/gcc/avr/4.3.3/avr5\libgcc.a(_udivmodqi4.o)
 .data          0x00800060        0x0 c:/winavr-20100110/bin/../lib/gcc/avr/4.3.3/avr5\libgcc.a(_udivmodsi4.o)
 .data          0x00800060        0x0 c:/winavr-20100110/bin/../lib/gcc/avr/4.3.3/avr5\libgcc.a(_exit.o)
 .data          0x00800060        0x0 c:/winavr-20100110/bin/../lib/gcc/avr/4.3.3/avr5\libgcc.a(_copy_data.o)
 .data          0x00800060        0x0 c:/winavr-20100110/bin/../lib/gcc/avr/4.3.3/avr5\libgcc.a(_clear_bss.o)
 *(.data*)
 *(.rodata)
 *(.rodata*)
 .rodata.OS_cfg
                0x00800060        0xc ./OS_cfg.o
                0x00800060                OS_cfg
 *(.gnu.linkonce.d*)
                0x0080006c                . = ALIGN (0x2)
                0x0080006c                _edata = .
                0x0080006c                PROVIDE (__data_end, .)

.bss            0x0080006c       0x22
                0x0080006c                PROVIDE (__bss_start, .)
 *(.bss)
 .bss           0x0080006c        0x0 c:/winavr-20100110/bin/../lib/gcc/avr/4.3.3/../../../../avr/lib/avr5/crtm16.o
 .bss           0x0080006c        0x0 ./BUTTONH.o
 .bss           0x0080006c        0x0 ./ButtonApp.o
 .bss           0x0080006c        0x0 ./CLOCK.o
 .bss           0x0080006c        0x0 ./DIO_prog.o
 .bss           0x0080006c        0x0 ./GIE_prog.o
 .bss           0x0080006c        0x0 ./KEYPAD7SEGAPP.o
 .bss           0x0080006c        0x0 ./KEYPADH.o
 .bss           0x0080006c        0x0 ./LED.o
 .bss           0x0080006c        0x0 ./LedTog.o
 .bss           0x0080006c        0x0 ./OS.o
 .bss           0x0080006c        0x0 ./OS_cfg.o
 .bss           0x0080006c        0x0 ./SEVENSEGH.o
 .bss           0x0080006c        0x0 ./TIMER.o
 .bss           0x0080006c        0x0 ./main.o
 .bss           0x0080006c        0x0 c:/winavr-20100110/bin/../lib/gcc/avr/4.3.3/avr5\libgcc.a(_udivmodqi4.o)
 .bss           0x0080006c        0x0 c:/winavr-20100110/bin/../lib/gcc/avr/4.3.3/avr5\libgcc.a(_udivmodsi4.o)
 .bss           0x0080006c        0x0 c:/winavr-20100110/bin/../lib/gcc/avr/4.3.3/avr5\libgcc.a(_exit.o)
 .bss           0x0080006c        0x0 c:/winavr-20100110/bin/../lib/gcc/avr/4.3.3/avr5\libgcc.a(_copy_data.o)
 .bss           0x0080006c        0x0 c:/winavr-20100110/bin/../lib/gcc/avr/4.3.3/avr5\libgcc.a(_clear_bss.o)
 *(.bss*)
 .bss.currentState.1227
                0x0080006c        0x1 ./BUTTONH.o
 .bss.previousState.1226
                0x0080006d        0x1 ./BUTTONH.o
 .bss.counter.1225
                0x0080006e        0x1 ./BUTTONH.o
 .bss.button    0x0080006f        0x1 ./BUTTONH.o
 .bss.CheckButton
                0x00800070        0x1 ./BUTTONH.o
 .bss.currentState.1226
                0x00800071        0x1 ./ButtonApp.o
 .bss.previousState.1225
                0x00800072        0x1 ./ButtonApp.o
 .bss.counter.1224
                0x00800073        0x1 ./ButtonApp.o
 .bss.Time      0x00800074        0x3 ./CLOCK.o
 .bss.currentState.1322
                0x00800077        0x2 ./KEYPAD7SEGAPP.o
 .bss.previousState.1321
                0x00800079        0x2 ./KEYPAD7SEGAPP.o
 .bss.counter.1320
                0x0080007b        0x1 ./KEYPAD7SEGAPP.o
 .bss.CurrentStatus.1357
                0x0080007c        0x2 ./KEYPADH.o
 .bss.PreviousStatus.1356
                0x0080007e        0x2 ./KEYPADH.o
 .bss.BouncingCounter.1355
                0x00800080        0x1 ./KEYPADH.o
 .bss.KeypadStatus
                0x00800081        0x2 ./KEYPADH.o
 .bss.Local_u16Result
                0x00800083        0x2 ./KEYPADH.o
 .bss.PreviousLedStatus.1210
                0x00800085        0x1 ./LedTog.o
 .bss.flag      0x00800086        0x1 ./OS.o
 .bss.tick      0x00800087        0x4 ./OS.o
 .bss.segnum    0x0080008b        0x1 ./SEVENSEGH.o
 .bss.CallBack_PTR
                0x0080008c        0x2 ./TIMER.o
 *(COMMON)
                0x0080008e                PROVIDE (__bss_end, .)
                0x00001b66                __data_load_start = LOADADDR (.data)
                0x00001b72                __data_load_end = (__data_load_start + SIZEOF (.data))

.noinit         0x0080008e        0x0
                0x0080008e                PROVIDE (__noinit_start, .)
 *(.noinit*)
                0x0080008e                PROVIDE (__noinit_end, .)
                0x0080008e                _end = .
                0x0080008e                PROVIDE (__heap_start, .)

.eeprom         0x00810000        0x0
 *(.eeprom*)
                0x00810000                __eeprom_end = .

.fuse
 *(.fuse)
 *(.lfuse)
 *(.hfuse)
 *(.efuse)

.lock
 *(.lock*)

.signature
 *(.signature*)

.stab           0x00000000     0x3048
 *(.stab)
 .stab          0x00000000      0x354 ./BUTTONH.o
 .stab          0x00000354      0x24c ./ButtonApp.o
                                0x2f4 (size before relaxing)
 .stab          0x000005a0      0x480 ./CLOCK.o
                                0x504 (size before relaxing)
 .stab          0x00000a20      0x39c ./DIO_prog.o
                                0x420 (size before relaxing)
 .stab          0x00000dbc      0x144 ./GIE_prog.o
                                0x1c8 (size before relaxing)
 .stab          0x00000f00      0x660 ./KEYPAD7SEGAPP.o
                                0x714 (size before relaxing)
 .stab          0x00001560      0x564 ./KEYPADH.o
                                0x624 (size before relaxing)
 .stab          0x00001ac4      0x1e0 ./LED.o
                                0x2a0 (size before relaxing)
 .stab          0x00001ca4      0x1e0 ./LedTog.o
                                0x264 (size before relaxing)
 .stab          0x00001e84      0x2ac ./OS.o
                                0x330 (size before relaxing)
 .stab          0x00002130       0xfc ./OS_cfg.o
                                0x198 (size before relaxing)
 .stab          0x0000222c      0x8d0 ./SEVENSEGH.o
                                0x9d8 (size before relaxing)
 .stab          0x00002afc      0x3d8 ./TIMER.o
                                0x498 (size before relaxing)
 .stab          0x00002ed4      0x174 ./main.o
                                0x324 (size before relaxing)

.stabstr        0x00000000     0x12e3
 *(.stabstr)
 .stabstr       0x00000000     0x12e3 ./BUTTONH.o

.stab.excl
 *(.stab.excl)

.stab.exclstr
 *(.stab.exclstr)

.stab.index
 *(.stab.index)

.stab.indexstr
 *(.stab.indexstr)

.comment
 *(.comment)

.debug
 *(.debug)

.line
 *(.line)

.debug_srcinfo
 *(.debug_srcinfo)

.debug_sfnames
 *(.debug_sfnames)

.debug_aranges
 *(.debug_aranges)

.debug_pubnames
 *(.debug_pubnames)

.debug_info
 *(.debug_info)
 *(.gnu.linkonce.wi.*)

.debug_abbrev
 *(.debug_abbrev)

.debug_line
 *(.debug_line)

.debug_frame
 *(.debug_frame)

.debug_str
 *(.debug_str)

.debug_loc
 *(.debug_loc)

.debug_macinfo
 *(.debug_macinfo)
OUTPUT(Check.elf elf32-avr)
LOAD linker stubs
